<?xml version="1.0" encoding="UTF-8"?>
<testsuites>
  <testsuite name="" tests="6" assertions="8" errors="0" warnings="0" failures="0" skipped="0" time="0.279463">
    <testsuite name="Unit" tests="5" assertions="7" errors="0" warnings="0" failures="0" skipped="0" time="0.256192">
      <testsuite name="Tests\Unit\Database\User\UserAccessorsTest" file="/var/www/tests/Unit/Database/User/UserAccessorsTest.php" tests="1" assertions="1" errors="0" warnings="0" failures="0" skipped="0" time="0.204914">
        <testcase name="test_user_full_name_accessor" class="Tests\Unit\Database\User\UserAccessorsTest" classname="Tests.Unit.Database.User.UserAccessorsTest" file="/var/www/tests/Unit/Database/User/UserAccessorsTest.php" line="19" assertions="1" time="0.204914"/>
      </testsuite>
      <testsuite name="Tests\Unit\Database\User\UserFactoryTest" file="/var/www/tests/Unit/Database/User/UserFactoryTest.php" tests="1" assertions="1" errors="0" warnings="0" failures="0" skipped="0" time="0.015897">
        <testcase name="test_user_factory" class="Tests\Unit\Database\User\UserFactoryTest" classname="Tests.Unit.Database.User.UserFactoryTest" file="/var/www/tests/Unit/Database/User/UserFactoryTest.php" line="20" assertions="1" time="0.015897"/>
      </testsuite>
      <testsuite name="Tests\Unit\Database\User\UserModelTest" file="/var/www/tests/Unit/Database/User/UserModelTest.php" tests="1" assertions="3" errors="0" warnings="0" failures="0" skipped="0" time="0.019022">
        <testcase name="test_user_eloquent" class="Tests\Unit\Database\User\UserModelTest" classname="Tests.Unit.Database.User.UserModelTest" file="/var/www/tests/Unit/Database/User/UserModelTest.php" line="26" assertions="3" time="0.019022"/>
      </testsuite>
      <testsuite name="Tests\Unit\ExampleTest" file="/var/www/tests/Unit/ExampleTest.php" tests="1" assertions="1" errors="0" warnings="0" failures="0" skipped="0" time="0.000135">
        <testcase name="test_example" class="Tests\Unit\ExampleTest" classname="Tests.Unit.ExampleTest" file="/var/www/tests/Unit/ExampleTest.php" line="14" assertions="1" time="0.000135"/>
      </testsuite>
      <testsuite name="Tests\Unit\SystemTest" file="/var/www/tests/Unit/SystemTest.php" tests="1" assertions="1" errors="0" warnings="0" failures="0" skipped="0" time="0.016225">
        <testcase name="test_user_factory" class="Tests\Unit\SystemTest" classname="Tests.Unit.SystemTest" file="/var/www/tests/Unit/SystemTest.php" line="20" assertions="1" time="0.016225"/>
      </testsuite>
    </testsuite>
    <testsuite name="Feature" tests="1" assertions="1" errors="0" warnings="0" failures="0" skipped="0" time="0.023271">
      <testsuite name="Tests\Feature\ExampleTest" file="/var/www/tests/Feature/ExampleTest.php" tests="1" assertions="1" errors="0" warnings="0" failures="0" skipped="0" time="0.023271">
        <testcase name="test_example" class="Tests\Feature\ExampleTest" classname="Tests.Feature.ExampleTest" file="/var/www/tests/Feature/ExampleTest.php" line="15" assertions="1" time="0.023271"/>
      </testsuite>
    </testsuite>
  </testsuite>
</testsuites>
